2026-02-03 02:58:17,978 - INFO - === INICIANDO PIPELINE DE DADOS ANS ===
2026-02-03 02:58:18,178 - INFO - [1/5] Baixando arquivos da ANS (Scraping)...
2026-02-03 02:58:51,033 - INFO - [2/5] Processando ZIPs e consolidando dados...
2026-02-03 02:59:05,610 - INFO - [3/5] Enriquecendo dados e validando registros...
2026-02-03 02:59:05,659 - INFO - [4/5] Gerando estatísticas (Média e Desvio Padrão)...
2026-02-03 02:59:05,696 - INFO - [5/5] Carregando dados processados para o MySQL...
2026-02-03 03:31:09,616 - INFO - === INICIANDO PIPELINE DE DADOS ANS ===
2026-02-03 03:31:09,701 - INFO - [1/5] Baixando arquivos da ANS (Scraping)...
2026-02-03 03:31:54,063 - INFO - [2/5] Processando ZIPs e consolidando dados...
2026-02-03 03:32:08,804 - INFO - [3/5] Enriquecendo dados e validando registros...
2026-02-03 03:32:08,851 - INFO - [4/5] Gerando estatísticas (Média e Desvio Padrão)...
2026-02-03 03:32:08,890 - INFO - [5/5] Carregando dados processados para o MySQL...
2026-02-03 05:46:54,903 - INFO - === INICIANDO PIPELINE DE DADOS ANS ===
2026-02-03 05:46:55,032 - INFO - [1/5] Baixando arquivos da ANS (Scraping)...
2026-02-03 05:47:42,786 - INFO - [2/5] Processando ZIPs e consolidando dados...
2026-02-03 05:47:57,343 - INFO - [3/5] Enriquecendo dados e validando registros...
2026-02-03 05:47:57,390 - INFO - [4/5] Gerando estatísticas (Média e Desvio Padrão)...
2026-02-03 05:47:57,451 - INFO - [5/5] Carregando dados processados para o MySQL...
2026-02-03 09:02:44,243 - INFO - === INICIANDO PIPELINE DE DADOS ANS ===
2026-02-03 09:02:44,361 - INFO - [1/5] Baixando arquivos da ANS (Scraping)...
2026-02-03 09:03:28,264 - INFO - [2/5] Processando ZIPs e consolidando dados...
2026-02-03 09:03:43,630 - INFO - [3/5] Enriquecendo dados e validando registros...
2026-02-03 09:03:43,680 - INFO - [4/5] Gerando estatísticas (Média e Desvio Padrão)...
2026-02-03 09:03:43,741 - INFO - [5/5] Carregando dados processados para o MySQL...
